// Jest Snapshot v1, https://goo.gl/fbAQLP

exports[`test component Button shapshot Button 1`] = `
<button
  className="sc-bdVaJa hvseiO"
>
  upload
</button>
`;
