// Jest Snapshot v1, https://goo.gl/fbAQLP

exports[`test component Caption shapshot Button 1`] = `
<h1
  className="sc-bdVaJa jNWGbQ"
  size={10}
/>
`;
