// Jest Snapshot v1, https://goo.gl/fbAQLP

exports[`test component CarouselBtn shapshot Button 1`] = `
<div
  className="sc-bdVaJa cpZBuY"
/>
`;
