// Jest Snapshot v1, https://goo.gl/fbAQLP

exports[`test page Main shapshot Main 1`] = `
<div
  className="sc-htpNat hSPRnb"
>
  <div
    className="sc-bxivhb iZOGDG"
    height="auto"
    width="100%"
  >
    <div
      className="sc-bxivhb bSbxBR"
      height="auto"
      width="auto"
    >
      <div
        className="sc-bxivhb bSbxBR"
        height="auto"
        width="auto"
      >
        <h1
          className="sc-bwzfXH goRTKn"
          size={20}
        >
          Загрузите архив
        </h1>
        <div
          className="sc-bxivhb kDQTAE"
          height="auto"
          width="auto"
        >
          <input
            type="file"
          />
          <button
            className="sc-bdVaJa hvseiO"
            onClick={[Function]}
          >
            Загрузить
          </button>
        </div>
      </div>
      <div>
        <div
          className="sc-bxivhb bSbxBR"
          height="auto"
          style={
            Object {
              "paddingLeft": 0,
            }
          }
          width="auto"
        >
          <p
            className="sc-gqjmRU gZtsxR"
            onClick={[Function]}
          >
            <svg
              aria-hidden="true"
              className="sc-bZQynM hxnkgJ"
              height="16"
              version="1.1"
              viewBox="0 0 14 16"
              width="14"
            >
              <path
                d="M13 4H7V3c0-.66-.31-1-1-1H1c-.55 0-1 .45-1 1v10c0 .55.45 1 1 1h12c.55 0 1-.45 1-1V5c0-.55-.45-1-1-1zM6 4H1V3h5v1z"
                fillRule="evenodd"
              />
            </svg>
            b3f4c6d5859a8e8cf1505a726be42de9--240x400.zip
          </p>
          <div
            className="sc-bxivhb bSbxBR"
            height="auto"
            style={
              Object {
                "paddingLeft": 0,
              }
            }
            width="auto"
          >
            <div
              className="sc-bxivhb bSbxBR"
              height="auto"
              style={
                Object {
                  "paddingLeft": 0,
                }
              }
              width="auto"
            >
              <p
                className="sc-gqjmRU gZtsxR"
                onClick={[Function]}
              >
                <svg
                  aria-hidden="true"
                  className="sc-gzVnrw efnvCf"
                  height="16"
                  version="1.1"
                  viewBox="0 0 12 16"
                  width="12"
                >
                  <path
                    d="M6 5H2V4h4v1zM2 8h7V7H2v1zm0 2h7V9H2v1zm0 2h7v-1H2v1zm10-7.5V14c0 .55-.45 1-1 1H1c-.55 0-1-.45-1-1V2c0-.55.45-1 1-1h7.5L12 4.5zM11 5L8 2H1v12h10V5z"
                  />
                </svg>
                240x400.html
              </p>
              <div
                className="sc-bxivhb bSbxBR"
                height="auto"
                style={
                  Object {
                    "paddingLeft": 0,
                  }
                }
                width="auto"
              />
            </div>
            <div
              className="sc-bxivhb bSbxBR"
              height="auto"
              style={
                Object {
                  "paddingLeft": 0,
                }
              }
              width="auto"
            >
              <p
                className="sc-gqjmRU gZtsxR"
                onClick={[Function]}
              >
                <svg
                  aria-hidden="true"
                  className="sc-gzVnrw efnvCf"
                  height="16"
                  version="1.1"
                  viewBox="0 0 12 16"
                  width="12"
                >
                  <path
                    d="M6 5H2V4h4v1zM2 8h7V7H2v1zm0 2h7V9H2v1zm0 2h7v-1H2v1zm10-7.5V14c0 .55-.45 1-1 1H1c-.55 0-1-.45-1-1V2c0-.55.45-1 1-1h7.5L12 4.5zM11 5L8 2H1v12h10V5z"
                  />
                </svg>
                240x400.js
              </p>
              <div
                className="sc-bxivhb bSbxBR"
                height="auto"
                style={
                  Object {
                    "paddingLeft": 0,
                  }
                }
                width="auto"
              />
            </div>
            <div
              className="sc-bxivhb bSbxBR"
              height="auto"
              style={
                Object {
                  "paddingLeft": 30,
                }
              }
              width="auto"
            >
              <p
                className="sc-gqjmRU gZtsxR"
                onClick={[Function]}
              >
                <svg
                  aria-hidden="true"
                  className="sc-bZQynM hxnkgJ"
                  height="16"
                  version="1.1"
                  viewBox="0 0 14 16"
                  width="14"
                >
                  <path
                    d="M13 4H7V3c0-.66-.31-1-1-1H1c-.55 0-1 .45-1 1v10c0 .55.45 1 1 1h12c.55 0 1-.45 1-1V5c0-.55-.45-1-1-1zM6 4H1V3h5v1z"
                    fillRule="evenodd"
                  />
                </svg>
                images
              </p>
              <div
                className="sc-bxivhb bSbxBR"
                height="auto"
                style={
                  Object {
                    "paddingLeft": 30,
                  }
                }
                width="auto"
              >
                <div
                  className="sc-bxivhb bSbxBR"
                  height="auto"
                  style={
                    Object {
                      "paddingLeft": 0,
                    }
                  }
                  width="auto"
                >
                  <p
                    className="sc-gqjmRU gZtsxR"
                    onClick={[Function]}
                  >
                    <svg
                      aria-hidden="true"
                      className="sc-gzVnrw efnvCf"
                      height="16"
                      version="1.1"
                      viewBox="0 0 12 16"
                      width="12"
                    >
                      <path
                        d="M6 5H2V4h4v1zM2 8h7V7H2v1zm0 2h7V9H2v1zm0 2h7v-1H2v1zm10-7.5V14c0 .55-.45 1-1 1H1c-.55 0-1-.45-1-1V2c0-.55.45-1 1-1h7.5L12 4.5zM11 5L8 2H1v12h10V5z"
                      />
                    </svg>
                    kn.png
                  </p>
                  <div
                    className="sc-bxivhb bSbxBR"
                    height="auto"
                    style={
                      Object {
                        "paddingLeft": 0,
                      }
                    }
                    width="auto"
                  />
                </div>
                <div
                  className="sc-bxivhb bSbxBR"
                  height="auto"
                  style={
                    Object {
                      "paddingLeft": 0,
                    }
                  }
                  width="auto"
                >
                  <p
                    className="sc-gqjmRU gZtsxR"
                    onClick={[Function]}
                  >
                    <svg
                      aria-hidden="true"
                      className="sc-gzVnrw efnvCf"
                      height="16"
                      version="1.1"
                      viewBox="0 0 12 16"
                      width="12"
                    >
                      <path
                        d="M6 5H2V4h4v1zM2 8h7V7H2v1zm0 2h7V9H2v1zm0 2h7v-1H2v1zm10-7.5V14c0 .55-.45 1-1 1H1c-.55 0-1-.45-1-1V2c0-.55.45-1 1-1h7.5L12 4.5zM11 5L8 2H1v12h10V5z"
                      />
                    </svg>
                    pic2.jpg
                  </p>
                  <div
                    className="sc-bxivhb bSbxBR"
                    height="auto"
                    style={
                      Object {
                        "paddingLeft": 0,
                      }
                    }
                    width="auto"
                  />
                </div>
                <div
                  className="sc-bxivhb bSbxBR"
                  height="auto"
                  style={
                    Object {
                      "paddingLeft": 0,
                    }
                  }
                  width="auto"
                >
                  <p
                    className="sc-gqjmRU gZtsxR"
                    onClick={[Function]}
                  >
                    <svg
                      aria-hidden="true"
                      className="sc-gzVnrw efnvCf"
                      height="16"
                      version="1.1"
                      viewBox="0 0 12 16"
                      width="12"
                    >
                      <path
                        d="M6 5H2V4h4v1zM2 8h7V7H2v1zm0 2h7V9H2v1zm0 2h7v-1H2v1zm10-7.5V14c0 .55-.45 1-1 1H1c-.55 0-1-.45-1-1V2c0-.55.45-1 1-1h7.5L12 4.5zM11 5L8 2H1v12h10V5z"
                      />
                    </svg>
                    pic4.jpg
                  </p>
                  <div
                    className="sc-bxivhb bSbxBR"
                    height="auto"
                    style={
                      Object {
                        "paddingLeft": 0,
                      }
                    }
                    width="auto"
                  />
                </div>
                <div
                  className="sc-bxivhb bSbxBR"
                  height="auto"
                  style={
                    Object {
                      "paddingLeft": 0,
                    }
                  }
                  width="auto"
                >
                  <p
                    className="sc-gqjmRU gZtsxR"
                    onClick={[Function]}
                  >
                    <svg
                      aria-hidden="true"
                      className="sc-gzVnrw efnvCf"
                      height="16"
                      version="1.1"
                      viewBox="0 0 12 16"
                      width="12"
                    >
                      <path
                        d="M6 5H2V4h4v1zM2 8h7V7H2v1zm0 2h7V9H2v1zm0 2h7v-1H2v1zm10-7.5V14c0 .55-.45 1-1 1H1c-.55 0-1-.45-1-1V2c0-.55.45-1 1-1h7.5L12 4.5zM11 5L8 2H1v12h10V5z"
                      />
                    </svg>
                    pic5.jpg
                  </p>
                  <div
                    className="sc-bxivhb bSbxBR"
                    height="auto"
                    style={
                      Object {
                        "paddingLeft": 0,
                      }
                    }
                    width="auto"
                  />
                </div>
                <div
                  className="sc-bxivhb bSbxBR"
                  height="auto"
                  style={
                    Object {
                      "paddingLeft": 0,
                    }
                  }
                  width="auto"
                >
                  <p
                    className="sc-gqjmRU gZtsxR"
                    onClick={[Function]}
                  >
                    <svg
                      aria-hidden="true"
                      className="sc-gzVnrw efnvCf"
                      height="16"
                      version="1.1"
                      viewBox="0 0 12 16"
                      width="12"
                    >
                      <path
                        d="M6 5H2V4h4v1zM2 8h7V7H2v1zm0 2h7V9H2v1zm0 2h7v-1H2v1zm10-7.5V14c0 .55-.45 1-1 1H1c-.55 0-1-.45-1-1V2c0-.55.45-1 1-1h7.5L12 4.5zM11 5L8 2H1v12h10V5z"
                      />
                    </svg>
                    te.png
                  </p>
                  <div
                    className="sc-bxivhb bSbxBR"
                    height="auto"
                    style={
                      Object {
                        "paddingLeft": 0,
                      }
                    }
                    width="auto"
                  />
                </div>
                <div
                  className="sc-bxivhb bSbxBR"
                  height="auto"
                  style={
                    Object {
                      "paddingLeft": 0,
                    }
                  }
                  width="auto"
                >
                  <p
                    className="sc-gqjmRU gZtsxR"
                    onClick={[Function]}
                  >
                    <svg
                      aria-hidden="true"
                      className="sc-gzVnrw efnvCf"
                      height="16"
                      version="1.1"
                      viewBox="0 0 12 16"
                      width="12"
                    >
                      <path
                        d="M6 5H2V4h4v1zM2 8h7V7H2v1zm0 2h7V9H2v1zm0 2h7v-1H2v1zm10-7.5V14c0 .55-.45 1-1 1H1c-.55 0-1-.45-1-1V2c0-.55.45-1 1-1h7.5L12 4.5zM11 5L8 2H1v12h10V5z"
                      />
                    </svg>
                    tuman.jpg
                  </p>
                  <div
                    className="sc-bxivhb bSbxBR"
                    height="auto"
                    style={
                      Object {
                        "paddingLeft": 0,
                      }
                    }
                    width="auto"
                  />
                </div>
              </div>
            </div>
          </div>
        </div>
      </div>
    </div>
    <div
      className="sc-bxivhb iZOGDG"
      height="auto"
      width="100%"
    >
      <div
        className="sc-bxivhb iZOGDG"
        height="auto"
        style={
          Object {
            "visibility": "hidden",
          }
        }
        width="100%"
      >
        <div
          className="sc-VigVT eiTpYg"
          height="auto"
          width="auto"
        >
          <div
            className="sc-iwsKbI fKjEyi"
            onClick={[Function]}
          />
          <div
            className="sc-jTzLTM gPRvrq"
            height="auto"
            style={
              Object {
                "transform": "translateX(0px)",
              }
            }
            width="0px"
          />
          <div
            className="sc-iwsKbI dBtNkJ"
            onClick={[Function]}
          />
        </div>
      </div>
      <div
        className="sc-bxivhb hsPTVF"
        height="auto"
        width="100%"
      />
    </div>
    <div
      className="sc-kpOJdX ctKjuL"
      height="auto"
      width="100%"
    >
      <div
        className="sc-bxivhb kDQTAE"
        height="auto"
        width="auto"
      >
        <button
          className="sc-bdVaJa hvseiO"
          onClick={[Function]}
        >
          посмотреть баннер
        </button>
      </div>
    </div>
    <div
      className="sc-bxivhb hsPTVF"
      height="auto"
      width="100%"
    />
  </div>
</div>
`;
